?   	github.com/MikeO7/frame-tv-art-manager/cmd/frame-tv-art-manager	[no test files]
=== RUN   TestBrightnessFromElevation
=== PAUSE TestBrightnessFromElevation
=== RUN   TestSunElevation_KnownValues
=== PAUSE TestSunElevation_KnownValues
=== RUN   TestCalculate_NilCoords
=== PAUSE TestCalculate_NilCoords
=== RUN   TestCalculate_InvalidTimezone
--- PASS: TestCalculate_InvalidTimezone (0.00s)
=== CONT  TestBrightnessFromElevation
=== RUN   TestBrightnessFromElevation/below_horizon_returns_min
=== PAUSE TestBrightnessFromElevation/below_horizon_returns_min
=== RUN   TestBrightnessFromElevation/at_horizon_returns_min
=== PAUSE TestBrightnessFromElevation/at_horizon_returns_min
=== RUN   TestBrightnessFromElevation/near_zenith_returns_near_max
=== PAUSE TestBrightnessFromElevation/near_zenith_returns_near_max
=== RUN   TestBrightnessFromElevation/low_elevation_returns_low_brightness
=== PAUSE TestBrightnessFromElevation/low_elevation_returns_low_brightness
=== RUN   TestBrightnessFromElevation/mid_elevation_returns_mid_brightness
=== PAUSE TestBrightnessFromElevation/mid_elevation_returns_mid_brightness
=== RUN   TestBrightnessFromElevation/custom_range_0-50
=== PAUSE TestBrightnessFromElevation/custom_range_0-50
=== CONT  TestBrightnessFromElevation/below_horizon_returns_min
=== CONT  TestCalculate_NilCoords
--- PASS: TestCalculate_NilCoords (0.00s)
=== CONT  TestSunElevation_KnownValues
--- PASS: TestSunElevation_KnownValues (0.00s)
=== CONT  TestBrightnessFromElevation/custom_range_0-50
=== CONT  TestBrightnessFromElevation/mid_elevation_returns_mid_brightness
=== CONT  TestBrightnessFromElevation/low_elevation_returns_low_brightness
=== CONT  TestBrightnessFromElevation/near_zenith_returns_near_max
=== CONT  TestBrightnessFromElevation/at_horizon_returns_min
--- PASS: TestBrightnessFromElevation (0.00s)
    --- PASS: TestBrightnessFromElevation/below_horizon_returns_min (0.00s)
    --- PASS: TestBrightnessFromElevation/custom_range_0-50 (0.00s)
    --- PASS: TestBrightnessFromElevation/mid_elevation_returns_mid_brightness (0.00s)
    --- PASS: TestBrightnessFromElevation/low_elevation_returns_low_brightness (0.00s)
    --- PASS: TestBrightnessFromElevation/near_zenith_returns_near_max (0.00s)
    --- PASS: TestBrightnessFromElevation/at_horizon_returns_min (0.00s)
PASS
ok  	github.com/MikeO7/frame-tv-art-manager/internal/brightness	(cached)
=== RUN   TestLoad_Success
--- PASS: TestLoad_Success (0.00s)
=== RUN   TestLoad_MissingTVIPS
--- PASS: TestLoad_MissingTVIPS (0.00s)
=== RUN   TestLoad_InvalidSolar
--- PASS: TestLoad_InvalidSolar (0.00s)
=== RUN   TestLoad_InvalidLogLevel
--- PASS: TestLoad_InvalidLogLevel (0.00s)
=== RUN   TestEnvHelpers
--- PASS: TestEnvHelpers (0.00s)
PASS
ok  	github.com/MikeO7/frame-tv-art-manager/internal/config	(cached)
=== RUN   TestHealthEndpoint
--- PASS: TestHealthEndpoint (0.00s)
=== RUN   TestServer_Routes
--- PASS: TestServer_Routes (0.00s)
=== RUN   TestServer_Shutdown
--- PASS: TestServer_Shutdown (0.00s)
=== RUN   TestStatusEndpoint
--- PASS: TestStatusEndpoint (0.00s)
=== RUN   TestShutdown_NilServer
--- PASS: TestShutdown_NilServer (0.00s)
PASS
ok  	github.com/MikeO7/frame-tv-art-manager/internal/health	(cached)
=== RUN   TestOptimizeFile
2026/05/21 18:59:34 INFO optimizing image file=test.jpg original_dims=200x200
--- PASS: TestOptimizeFile (0.07s)
=== RUN   TestOptimizeFile_MuseumMode
2026/05/21 18:59:34 INFO optimizing image file=museum.jpg original_dims=100x100
--- PASS: TestOptimizeFile_MuseumMode (0.01s)
=== RUN   TestSharpen
    resize_test.go:93: Note: Sharpening 1x1 white pixel in 10x10 black might not change value due to kernel, but it should run
--- PASS: TestSharpen (0.00s)
=== RUN   TestDither
--- PASS: TestDither (0.00s)
=== RUN   TestValidateImage_Invalid
--- PASS: TestValidateImage_Invalid (0.00s)
=== RUN   TestFitDimensions
--- PASS: TestFitDimensions (0.00s)
=== RUN   TestFindBestDirectorCrop
--- PASS: TestFindBestDirectorCrop (0.02s)
PASS
ok  	github.com/MikeO7/frame-tv-art-manager/internal/optimize	(cached)
=== RUN   TestBackoff
2026/05/21 18:59:34 WARN TV unreachable, backing off tv=1.1.1.1 consecutive_failures=1 next_retry=6:59PM backoff_duration=0s
2026/05/21 18:59:34 INFO TV in backoff period, skipping tv=1.1.1.1 failures=1 retry_in=0s
2026/05/21 18:59:34 INFO TV recovered after failures tv=1.1.1.1 previous_failures=1
2026/05/21 18:59:34 WARN TV unreachable, backing off tv=1.1.1.1 consecutive_failures=1 next_retry=6:59PM backoff_duration=0s
--- PASS: TestBackoff (0.01s)
=== RUN   TestBackoff_Exponential
2026/05/21 18:59:34 WARN TV unreachable, backing off tv=1.1.1.1 consecutive_failures=1 next_retry=6:59PM backoff_duration=0s
2026/05/21 18:59:34 WARN TV unreachable, backing off tv=1.1.1.1 consecutive_failures=2 next_retry=6:59PM backoff_duration=0s
2026/05/21 18:59:34 WARN TV unreachable, backing off tv=1.1.1.1 consecutive_failures=3 next_retry=6:59PM backoff_duration=0s
2026/05/21 18:59:34 WARN TV unreachable, backing off tv=1.1.1.1 consecutive_failures=4 next_retry=6:59PM backoff_duration=0s
2026/05/21 18:59:34 WARN TV unreachable, backing off tv=1.1.1.1 consecutive_failures=5 next_retry=6:59PM backoff_duration=0s
--- PASS: TestBackoff_Exponential (0.00s)
PASS
ok  	github.com/MikeO7/frame-tv-art-manager/internal/resilience	(cached)
=== RUN   TestArtAPI_GetContentList
2026/05/21 20:26:35 INFO new auth token received token=test-tok...
2026/05/21 20:26:35 INFO WebSocket connected endpoint=com.samsung.art-app host=127.0.0.1
--- PASS: TestArtAPI_GetContentList (0.01s)
=== RUN   TestArtAPI_GetContentList_Filtered
2026/05/21 20:26:35 INFO new auth token received token=test-tok...
2026/05/21 20:26:35 INFO WebSocket connected endpoint=com.samsung.art-app host=127.0.0.1
--- PASS: TestArtAPI_GetContentList_Filtered (0.01s)
=== RUN   TestArtAPI_SendImage
2026/05/21 20:26:35 INFO new auth token received token=test-tok...
2026/05/21 20:26:35 INFO WebSocket connected endpoint=com.samsung.art-app host=127.0.0.1
--- PASS: TestArtAPI_SendImage (0.01s)
=== RUN   TestArtAPI_DeleteImages
2026/05/21 20:26:35 INFO new auth token received token=test-tok...
2026/05/21 20:26:35 INFO WebSocket connected endpoint=com.samsung.art-app host=127.0.0.1
--- PASS: TestArtAPI_DeleteImages (0.01s)
=== RUN   TestArtAPI_SelectImage
2026/05/21 20:26:35 INFO new auth token received token=test-tok...
2026/05/21 20:26:35 INFO WebSocket connected endpoint=com.samsung.art-app host=127.0.0.1
--- PASS: TestArtAPI_SelectImage (0.01s)
=== RUN   TestArtAPI_SetBrightness
2026/05/21 20:26:35 INFO new auth token received token=test-tok...
2026/05/21 20:26:35 INFO WebSocket connected endpoint=com.samsung.art-app host=127.0.0.1
--- PASS: TestArtAPI_SetBrightness (0.01s)
=== RUN   TestArtAPI_GetArtModeStatus
2026/05/21 20:26:35 INFO new auth token received token=test-tok...
2026/05/21 20:26:35 INFO WebSocket connected endpoint=com.samsung.art-app host=127.0.0.1
--- PASS: TestArtAPI_GetArtModeStatus (0.01s)
=== RUN   TestArtAPI_GetSlideshowStatus
2026/05/21 20:26:35 INFO new auth token received token=test-tok...
2026/05/21 20:26:35 INFO WebSocket connected endpoint=com.samsung.art-app host=127.0.0.1
--- PASS: TestArtAPI_GetSlideshowStatus (0.01s)
=== RUN   TestArtAPI_SetSlideshowStatus
2026/05/21 20:26:35 INFO new auth token received token=test-tok...
2026/05/21 20:26:35 INFO WebSocket connected endpoint=com.samsung.art-app host=127.0.0.1
--- PASS: TestArtAPI_SetSlideshowStatus (0.01s)
=== RUN   TestArtAPI_GetCategories
2026/05/21 20:26:35 INFO new auth token received token=test-tok...
2026/05/21 20:26:35 INFO WebSocket connected endpoint=com.samsung.art-app host=127.0.0.1
--- PASS: TestArtAPI_GetCategories (0.01s)
=== RUN   TestArtAPI_WaitForImageAdded
2026/05/21 20:26:35 INFO new auth token received token=test-tok...
2026/05/21 20:26:35 INFO WebSocket connected endpoint=com.samsung.art-app host=127.0.0.1
--- PASS: TestArtAPI_WaitForImageAdded (0.11s)
=== RUN   TestClient_New
--- PASS: TestClient_New (0.00s)
=== RUN   TestClient_TokenFilePath
--- PASS: TestClient_TokenFilePath (0.00s)
=== RUN   TestDeviceInfo_IsFrameTV
--- PASS: TestDeviceInfo_IsFrameTV (0.00s)
=== RUN   TestDeviceInfo_IsOn
--- PASS: TestDeviceInfo_IsOn (0.00s)
=== RUN   TestArtResponse_ConnInfoParsing
--- PASS: TestArtResponse_ConnInfoParsing (0.00s)
=== RUN   TestSendWOL_Invalid
--- PASS: TestSendWOL_Invalid (0.00s)
=== RUN   TestSendWOL_ValidFormat
--- PASS: TestSendWOL_ValidFormat (0.00s)
=== RUN   TestEnsureToken
2026/05/21 20:26:35 INFO new auth token received tv=127.0.0.1 token=new-toke...
2026/05/21 20:26:35 INFO WebSocket connected tv=127.0.0.1 endpoint=samsung.remote.control host=127.0.0.1
--- PASS: TestEnsureToken (0.51s)
=== RUN   TestCheckArtModeGate
=== RUN   TestCheckArtModeGate/IsArtMode
=== RUN   TestCheckArtModeGate/NotArtMode
--- PASS: TestCheckArtModeGate (0.00s)
    --- PASS: TestCheckArtModeGate/IsArtMode (0.00s)
    --- PASS: TestCheckArtModeGate/NotArtMode (0.00s)
=== RUN   TestCheckArtModeGate_Timeout
--- PASS: TestCheckArtModeGate_Timeout (0.00s)
=== RUN   TestTurnOff
2026/05/21 20:26:35 INFO new auth token received tv=127.0.0.1 token=test-tok...
2026/05/21 20:26:35 INFO WebSocket connected tv=127.0.0.1 endpoint=samsung.remote.control host=127.0.0.1
--- PASS: TestTurnOff (3.01s)
=== RUN   TestClientWrapperMethods
2026/05/21 20:26:38 INFO new auth token received token=test-tok...
2026/05/21 20:26:38 INFO WebSocket connected endpoint=com.samsung.art-app host=127.0.0.1
2026/05/21 20:26:39 INFO metadata saved tv=127.0.0.1 path=/tmp/TestClientWrapperMethods4034687741/001/tv_127_0_0_1_metadata.json
--- PASS: TestClientWrapperMethods (0.42s)
=== RUN   TestClientUpload
2026/05/21 20:26:39 INFO new auth token received token=test-tok...
2026/05/21 20:26:39 INFO WebSocket connected endpoint=com.samsung.art-app host=127.0.0.1
--- PASS: TestClientUpload (0.11s)
=== RUN   TestIsInArtMode_Branches
--- PASS: TestIsInArtMode_Branches (0.00s)
=== RUN   TestClientUpload_FileStatError
--- PASS: TestClientUpload_FileStatError (0.00s)
=== RUN   TestSaveMetadata_NoDir
--- PASS: TestSaveMetadata_NoDir (0.01s)
=== RUN   TestClientClose_Nil
--- PASS: TestClientClose_Nil (0.00s)
=== RUN   TestArtAppRequest
--- PASS: TestArtAppRequest (0.00s)
=== RUN   TestNewRequestID
--- PASS: TestNewRequestID (0.00s)
=== RUN   TestConnection_OpenFailure
--- PASS: TestConnection_OpenFailure (0.00s)
=== RUN   TestConnection_SendAndWait
2026/05/21 20:26:39 INFO new auth token received token=test-tok...
2026/05/21 20:26:39 INFO WebSocket connected endpoint=com.samsung.art-app host=127.0.0.1
    connection_test.go:141: SendAndWait failed (likely flaky mock timing): samsung: operation timed out: waiting for response 123
--- SKIP: TestConnection_SendAndWait (5.01s)
=== RUN   TestFetchDeviceInfo
=== RUN   TestFetchDeviceInfo/Success
=== RUN   TestFetchDeviceInfo/InvalidJSON
=== RUN   TestFetchDeviceInfo/Timeout
=== RUN   TestFetchDeviceInfo/ContextCancelled
--- PASS: TestFetchDeviceInfo (0.12s)
    --- PASS: TestFetchDeviceInfo/Success (0.01s)
    --- PASS: TestFetchDeviceInfo/InvalidJSON (0.01s)
    --- PASS: TestFetchDeviceInfo/Timeout (0.11s)
    --- PASS: TestFetchDeviceInfo/ContextCancelled (0.00s)
=== RUN   TestConnection_Open_Handshake
time=2026-05-21T20:26:44.653Z level=DEBUG msg="dialing WebSocket" url="wss://127.0.0.1:38383/api/v2/channels/com.samsung.art-app?name=VGVzdENsaWVudA%3D%3D"
time=2026-05-21T20:26:44.658Z level=DEBUG msg="handshake message received" msg="{\"event\":\"ms.channel.connect\",\"data\":{\"token\":\"test-token-123\"}}"
time=2026-05-21T20:26:44.658Z level=INFO msg="new auth token received" token=test-tok...
time=2026-05-21T20:26:44.658Z level=INFO msg="WebSocket connected" endpoint=com.samsung.art-app host=127.0.0.1
--- PASS: TestConnection_Open_Handshake (0.01s)
=== RUN   TestConnection_Unauthorized
--- PASS: TestConnection_Unauthorized (0.01s)
PASS
ok  	github.com/MikeO7/frame-tv-art-manager/internal/samsung	9.375s
=== RUN   TestFilename
=== PAUSE TestFilename
=== CONT  TestFilename
=== RUN   TestFilename/clean_filename_unchanged
=== PAUSE TestFilename/clean_filename_unchanged
=== RUN   TestFilename/uppercase_extension_lowered
=== PAUSE TestFilename/uppercase_extension_lowered
=== RUN   TestFilename/special_chars_stripped
=== PAUSE TestFilename/special_chars_stripped
=== RUN   TestFilename/all_unsafe_chars_produces_default_stem
=== PAUSE TestFilename/all_unsafe_chars_produces_default_stem
=== RUN   TestFilename/spaces_collapsed
=== PAUSE TestFilename/spaces_collapsed
=== RUN   TestFilename/hyphens_and_underscores_preserved
=== PAUSE TestFilename/hyphens_and_underscores_preserved
=== RUN   TestFilename/leading_trailing_spaces_trimmed
=== PAUSE TestFilename/leading_trailing_spaces_trimmed
=== RUN   TestFilename/mixed_JPEG_extension
=== PAUSE TestFilename/mixed_JPEG_extension
=== RUN   TestFilename/no_extension
=== PAUSE TestFilename/no_extension
=== RUN   TestFilename/empty_stem_with_extension
=== PAUSE TestFilename/empty_stem_with_extension
=== CONT  TestFilename/clean_filename_unchanged
=== CONT  TestFilename/empty_stem_with_extension
=== CONT  TestFilename/no_extension
=== CONT  TestFilename/mixed_JPEG_extension
=== CONT  TestFilename/leading_trailing_spaces_trimmed
=== CONT  TestFilename/hyphens_and_underscores_preserved
=== CONT  TestFilename/spaces_collapsed
=== CONT  TestFilename/all_unsafe_chars_produces_default_stem
=== CONT  TestFilename/special_chars_stripped
=== CONT  TestFilename/uppercase_extension_lowered
--- PASS: TestFilename (0.00s)
    --- PASS: TestFilename/clean_filename_unchanged (0.00s)
    --- PASS: TestFilename/empty_stem_with_extension (0.00s)
    --- PASS: TestFilename/no_extension (0.00s)
    --- PASS: TestFilename/mixed_JPEG_extension (0.00s)
    --- PASS: TestFilename/leading_trailing_spaces_trimmed (0.00s)
    --- PASS: TestFilename/hyphens_and_underscores_preserved (0.00s)
    --- PASS: TestFilename/spaces_collapsed (0.00s)
    --- PASS: TestFilename/all_unsafe_chars_produces_default_stem (0.00s)
    --- PASS: TestFilename/special_chars_stripped (0.00s)
    --- PASS: TestFilename/uppercase_extension_lowered (0.00s)
PASS
ok  	github.com/MikeO7/frame-tv-art-manager/internal/sanitize	(cached)
=== RUN   TestIsWithinAutoOffWindow
=== PAUSE TestIsWithinAutoOffWindow
=== RUN   TestIsWithinAutoOffWindow_Live
--- PASS: TestIsWithinAutoOffWindow_Live (0.00s)
=== RUN   TestFormatGraceDisplay
--- PASS: TestFormatGraceDisplay (0.00s)
=== CONT  TestIsWithinAutoOffWindow
=== RUN   TestIsWithinAutoOffWindow/empty_off_time
=== PAUSE TestIsWithinAutoOffWindow/empty_off_time
=== RUN   TestIsWithinAutoOffWindow/within_window
=== PAUSE TestIsWithinAutoOffWindow/within_window
=== RUN   TestIsWithinAutoOffWindow/at_exact_off_time
=== PAUSE TestIsWithinAutoOffWindow/at_exact_off_time
=== RUN   TestIsWithinAutoOffWindow/at_exact_grace_end
=== PAUSE TestIsWithinAutoOffWindow/at_exact_grace_end
=== RUN   TestIsWithinAutoOffWindow/before_window
=== PAUSE TestIsWithinAutoOffWindow/before_window
=== RUN   TestIsWithinAutoOffWindow/after_grace_period
=== PAUSE TestIsWithinAutoOffWindow/after_grace_period
=== RUN   TestIsWithinAutoOffWindow/midnight_wrap_—_in_yesterday's_window
=== PAUSE TestIsWithinAutoOffWindow/midnight_wrap_—_in_yesterday's_window
=== RUN   TestIsWithinAutoOffWindow/midnight_wrap_—_past_yesterday's_grace
=== PAUSE TestIsWithinAutoOffWindow/midnight_wrap_—_past_yesterday's_grace
=== RUN   TestIsWithinAutoOffWindow/fractional_grace_hours
=== PAUSE TestIsWithinAutoOffWindow/fractional_grace_hours
=== RUN   TestIsWithinAutoOffWindow/invalid_timezone_returns_false
=== PAUSE TestIsWithinAutoOffWindow/invalid_timezone_returns_false
=== CONT  TestIsWithinAutoOffWindow/empty_off_time
=== CONT  TestIsWithinAutoOffWindow/invalid_timezone_returns_false
=== CONT  TestIsWithinAutoOffWindow/after_grace_period
=== CONT  TestIsWithinAutoOffWindow/within_window
=== CONT  TestIsWithinAutoOffWindow/before_window
=== CONT  TestIsWithinAutoOffWindow/fractional_grace_hours
=== CONT  TestIsWithinAutoOffWindow/midnight_wrap_—_in_yesterday's_window
=== CONT  TestIsWithinAutoOffWindow/at_exact_grace_end
=== CONT  TestIsWithinAutoOffWindow/at_exact_off_time
=== CONT  TestIsWithinAutoOffWindow/midnight_wrap_—_past_yesterday's_grace
--- PASS: TestIsWithinAutoOffWindow (0.00s)
    --- PASS: TestIsWithinAutoOffWindow/empty_off_time (0.00s)
    --- PASS: TestIsWithinAutoOffWindow/invalid_timezone_returns_false (0.00s)
    --- PASS: TestIsWithinAutoOffWindow/after_grace_period (0.00s)
    --- PASS: TestIsWithinAutoOffWindow/within_window (0.00s)
    --- PASS: TestIsWithinAutoOffWindow/before_window (0.00s)
    --- PASS: TestIsWithinAutoOffWindow/fractional_grace_hours (0.00s)
    --- PASS: TestIsWithinAutoOffWindow/midnight_wrap_—_in_yesterday's_window (0.00s)
    --- PASS: TestIsWithinAutoOffWindow/at_exact_grace_end (0.00s)
    --- PASS: TestIsWithinAutoOffWindow/at_exact_off_time (0.00s)
    --- PASS: TestIsWithinAutoOffWindow/midnight_wrap_—_past_yesterday's_grace (0.00s)
PASS
ok  	github.com/MikeO7/frame-tv-art-manager/internal/schedule	(cached)
=== RUN   TestNASAClient_FetchAPOD
--- PASS: TestNASAClient_FetchAPOD (0.00s)
=== RUN   TestNASAClient_Search
--- PASS: TestNASAClient_Search (0.00s)
=== RUN   TestArticClient_Search
--- PASS: TestArticClient_Search (0.00s)
=== RUN   TestPixabayClient_Search
--- PASS: TestPixabayClient_Search (0.00s)
=== RUN   TestArticClient_FetchPhoto
--- PASS: TestArticClient_FetchPhoto (0.00s)
=== RUN   TestPexelsClient_FetchPhoto
--- PASS: TestPexelsClient_FetchPhoto (0.00s)
=== RUN   TestPixabayClient_FetchPhoto
--- PASS: TestPixabayClient_FetchPhoto (0.00s)
=== RUN   TestPexelsClient_Search
--- PASS: TestPexelsClient_Search (0.00s)
=== RUN   TestPexelsClient_Curated
--- PASS: TestPexelsClient_Curated (0.00s)
=== RUN   TestPexelsClient_FetchCollection
--- PASS: TestPexelsClient_FetchCollection (0.00s)
=== RUN   TestPixabayClient_EditorsChoice
--- PASS: TestPixabayClient_EditorsChoice (0.00s)
=== RUN   TestPixabayClient_User
--- PASS: TestPixabayClient_User (0.00s)
=== RUN   TestLoader_Sync_Direct
2026/05/21 18:59:35 INFO processing image sources urls=1
2026/05/21 18:59:35 INFO downloading source image url=http://127.0.0.1:44997 file=001__direct__127.0.0.1:44997_.jpg
2026/05/21 18:59:35 INFO downloaded source image file=001__direct__127.0.0.1:44997___28d81db19370.jpg size_bytes=15
2026/05/21 18:59:35 INFO downloaded new source images count=1
--- PASS: TestLoader_Sync_Direct (0.00s)
=== RUN   TestLoader_UrlToSlug
--- PASS: TestLoader_UrlToSlug (0.00s)
=== RUN   TestExtensionFromResponse
--- PASS: TestExtensionFromResponse (0.00s)
=== RUN   TestLoadSources_Yaml
--- PASS: TestLoadSources_Yaml (0.00s)
=== RUN   TestLoadSources_Txt
--- PASS: TestLoadSources_Txt (0.00s)
=== RUN   TestLoader_InternalMethods
2026/05/21 18:59:35 INFO removing unused source image file=002__unvisited__hash.jpg
--- PASS: TestLoader_InternalMethods (0.00s)
=== RUN   TestLoader_Sync_Failures
2026/05/21 18:59:35 INFO processing image sources urls=1
2026/05/21 18:59:35 INFO downloading source image url=http://127.0.0.1:34631 file=001__direct__127.0.0.1:34631_.jpg
2026/05/21 18:59:35 WARN source sync failed line=http://127.0.0.1:34631 error="HTTP 404 from http://127.0.0.1:34631"
--- PASS: TestLoader_Sync_Failures (0.00s)
=== RUN   TestLoader_UrlToSlug_Long
--- PASS: TestLoader_UrlToSlug_Long (0.00s)
=== RUN   TestLoader_Sync_Providers
2026/05/21 18:59:35 INFO processing image sources urls=10
2026/05/21 18:59:35 WARN invalid unsplash download location host url=http://example.com/download
2026/05/21 18:59:35 INFO downloading source image url="&w=3840&q=95&fm=jpg" file=001__unsplash__456-u1.jpg
2026/05/21 18:59:35 WARN failed to download unsplash image id=u1 error="HTTP GET: Get \"&w=3840&q=95&fm=jpg\": unsupported protocol scheme \"\""
2026/05/21 18:59:35 WARN source sync failed line=nasa:search:mars error="decode nasa search response: invalid character 'k' in literal false (expecting 'l')"
2026/05/21 18:59:35 INFO downloading source image url=http://example.com/p1.jpg file=002__pexels__example.com_p1.jpg.jpg
2026/05/21 18:59:35 INFO downloading source image url=http://example.com/apod.jpg file=003__nasa__example.com_apod.jpg.jpg
2026/05/21 18:59:35 WARN source sync failed line=unsplash:photo:123 error="decode unsplash response: json: cannot unmarshal array into Go value of type sources.unsplashPhoto"
2026/05/21 18:59:35 WARN source sync failed line=artic:photo:456 error="decode artic response: invalid character 'k' in literal false (expecting 'l')"
2026/05/21 18:59:35 WARN source sync failed line=pixabay:editors_choice error="decode pixabay response: invalid character 'k' in literal false (expecting 'l')"
2026/05/21 18:59:35 WARN source sync failed line=pixabay:search:nature error="decode pixabay response: invalid character 'k' in literal false (expecting 'l')"
2026/05/21 18:59:35 WARN source sync failed line=pixabay:user:mike error="decode pixabay response: invalid character 'k' in literal false (expecting 'l')"
2026/05/21 18:59:35 WARN source sync failed line=pexels:collection:789 error="decode pexels response: json: cannot unmarshal array into Go value of type struct { Media []sources.pexelsPhoto \"json:\\\"media\\\"\"; Page int \"json:\\\"page\\\"\" }"
2026/05/21 18:59:35 WARN failed to download nasa image url=http://example.com/apod.jpg error="HTTP 404 from http://example.com/apod.jpg"
2026/05/21 18:59:35 WARN failed to download pexels image url=http://example.com/p1.jpg error="HTTP 404 from http://example.com/p1.jpg"
--- PASS: TestLoader_Sync_Providers (0.05s)
=== RUN   TestLoader_Sync_Yaml
2026/05/21 18:59:35 INFO processing image sources urls=2
2026/05/21 18:59:35 WARN invalid unsplash download location host url=http://example.com/download
2026/05/21 18:59:35 INFO downloading source image url="&w=3840&q=95&fm=jpg" file=001__unsplash__123-u1.jpg
2026/05/21 18:59:35 WARN failed to download unsplash image id=u1 error="HTTP GET: Get \"&w=3840&q=95&fm=jpg\": unsupported protocol scheme \"\""
2026/05/21 18:59:35 WARN source sync failed line=nasa:apod error="nasa apod api error: 403"
--- PASS: TestLoader_Sync_Yaml (0.26s)
=== RUN   TestLoader_UtilityMethods
--- PASS: TestLoader_UtilityMethods (0.00s)
=== RUN   TestLoader_handleArticLine_Search
2026/05/21 18:59:35 INFO downloading source image url=http://127.0.0.1:36591/img1/full/!3840,2160/0/default.jpg file=000__artic__127.0.0.1:36591_img1.jpg
2026/05/21 18:59:35 INFO downloaded source image file=000__artic__127.0.0.1:36591_img1__28d81db19370.jpg size_bytes=15
--- PASS: TestLoader_handleArticLine_Search (0.00s)
=== RUN   TestUnsplashClient_FetchPhoto
--- PASS: TestUnsplashClient_FetchPhoto (0.00s)
=== RUN   TestUnsplashClient_FetchCollectionPhotos
--- PASS: TestUnsplashClient_FetchCollectionPhotos (0.00s)
=== RUN   TestUnsplashClient_TrackDownload
--- PASS: TestUnsplashClient_TrackDownload (0.00s)
=== RUN   TestUnsplashClient_FetchCollectionPhotos_Pagination
--- PASS: TestUnsplashClient_FetchCollectionPhotos_Pagination (0.00s)
PASS
ok  	github.com/MikeO7/frame-tv-art-manager/internal/sources	(cached)
=== RUN   TestEngine_RunOnce_Empty
2026/05/21 18:59:35 INFO starting sync cycle cycle=1 tvs=1
2026/05/21 18:59:35 INFO local artwork ready cycle=1 total=0 optimized=0
2026/05/21 18:59:35 INFO no token found, performing one-time remote handshake tv=192.168.1.10
2026/05/21 19:01:49 WARN remote handshake failed (TV might be off or busy) tv=192.168.1.10 error="remote handshake failed: websocket dial: dial tcp 192.168.1.10:8002: connect: connection timed out"
2026/05/21 19:04:04 ERROR TV sync failed tv=192.168.1.10 error="connect: connect to art endpoint: websocket dial: dial tcp 192.168.1.10:8002: connect: connection timed out"
2026/05/21 19:04:04 WARN TV unreachable, backing off tv=192.168.1.10 consecutive_failures=1 next_retry=7:05PM backoff_duration=1m0s
2026/05/21 19:04:04 INFO
╔══════════════════════════════════════════════════╗
║  Sync Cycle #1 - 2026-05-21 19:04:04             ║
╠══════════════════════════════════════════════════╣
║  TV: 192.168.1.10                                ║
║    Status:     ✘ failed                          ║
║    Error:      connect: connect to art endpoint..║
╠══════════════════════════════════════════════════╣
║  Local:  0 files                                 ║
╠══════════════════════════════════════════════════╣
║  Took:   4m29.152s                               ║
║  Next:   19:05:04                                ║
╚══════════════════════════════════════════════════╝
--- PASS: TestEngine_RunOnce_Empty (269.16s)
=== RUN   TestParseDimensions
--- PASS: TestParseDimensions (0.00s)
=== RUN   TestEngine_RunOnce_Full
2026/05/21 19:04:04 INFO starting sync cycle cycle=1 tvs=1
2026/05/21 19:04:04 INFO local artwork ready cycle=1 total=1 optimized=0
2026/05/21 19:04:04 INFO TV inventory cycle=1 tv=192.168.1.10 tracked=0 unknown=1
2026/05/21 19:04:04 WARN unknown images on TV (set REMOVE_UNKNOWN_IMAGES=true to remove) cycle=1 tv=192.168.1.10 count=1
2026/05/21 19:04:04 INFO sync plan cycle=1 tv=192.168.1.10 to_upload=1 to_delete=0 unknown_to_delete=0
2026/05/21 19:04:04 INFO uploading cycle=1 tv=192.168.1.10 file=test.jpg sanitized=test.jpg matte=""
2026/05/21 19:04:04 INFO uploaded cycle=1 tv=192.168.1.10 file=test.jpg content_id=new-id
2026/05/21 19:04:04 INFO selecting first image cycle=1 tv=192.168.1.10
2026/05/21 19:04:04 INFO sync completed cycle=1 tv=192.168.1.10
2026/05/21 19:04:04 INFO
╔══════════════════════════════════════════════════╗
║  Sync Cycle #1 - 2026-05-21 19:04:04             ║
╠══════════════════════════════════════════════════╣
║  TV: 192.168.1.10 (Mock TV)                      ║
║    Status:     ✔ Art Mode                        ║
║    Uploaded:   1 new  │  Deleted: 0              ║
║    Total:      1 images on TV                    ║
╠══════════════════════════════════════════════════╣
║  Local:  1 files                                 ║
╠══════════════════════════════════════════════════╣
║  Took:   1ms                                     ║
║  Next:   19:05:04                                ║
╚══════════════════════════════════════════════════╝
--- PASS: TestEngine_RunOnce_Full (0.00s)
=== RUN   TestEngine_RunOnce_DryRun
2026/05/21 19:04:04 INFO starting sync cycle cycle=1 tvs=1
2026/05/21 19:04:04 WARN skipping corrupt image cycle=1 file=test.jpg error="image: unknown format"
2026/05/21 19:04:04 INFO local artwork ready cycle=1 total=0 optimized=0
2026/05/21 19:04:04 INFO TV inventory cycle=1 tv=192.168.1.10 tracked=0 unknown=1
2026/05/21 19:04:04 WARN unknown images on TV (set REMOVE_UNKNOWN_IMAGES=true to remove) cycle=1 tv=192.168.1.10 count=1
2026/05/21 19:04:04 INFO sync plan cycle=1 tv=192.168.1.10 to_upload=0 to_delete=0 unknown_to_delete=0
2026/05/21 19:04:04 INFO sync completed cycle=1 tv=192.168.1.10
2026/05/21 19:04:04 INFO
╔══════════════════════════════════════════════════╗
║  Sync Cycle #1 - 2026-05-21 19:04:04             ║
╠══════════════════════════════════════════════════╣
║  TV: 192.168.1.10 (Mock TV)                      ║
║    Status:     ✔ Art Mode                        ║
║    Uploaded:   0 new  │  Deleted: 0              ║
║    Total:      0 images on TV                    ║
╠══════════════════════════════════════════════════╣
║  Local:  0 files                                 ║
╠══════════════════════════════════════════════════╣
║  Took:   1ms                                     ║
║  Next:   19:05:04                                ║
╚══════════════════════════════════════════════════╝
--- PASS: TestEngine_RunOnce_DryRun (0.00s)
=== RUN   TestEngine_RunOnce_NotArtMode
2026/05/21 19:04:04 INFO starting sync cycle cycle=1 tvs=1
2026/05/21 19:04:04 INFO local artwork ready cycle=1 total=0 optimized=0
2026/05/21 19:04:04 INFO skipping — TV not in art mode cycle=1 tv=192.168.1.10
2026/05/21 19:04:04 INFO
╔══════════════════════════════════════════════════╗
║  Sync Cycle #1 - 2026-05-21 19:04:04             ║
╠══════════════════════════════════════════════════╣
║  TV: 192.168.1.10 (Mock TV)                      ║
║    Status:     ✘ skipped (not art mode)          ║
╠══════════════════════════════════════════════════╣
║  Local:  0 files                                 ║
╠══════════════════════════════════════════════════╣
║  Took:   0s                                      ║
║  Next:   19:05:04                                ║
╚══════════════════════════════════════════════════╝
--- PASS: TestEngine_RunOnce_NotArtMode (0.00s)
=== RUN   TestEngine_RunOnce_UnknownRemoval
2026/05/21 19:04:04 INFO starting sync cycle cycle=1 tvs=1
2026/05/21 19:04:04 INFO local artwork ready cycle=1 total=0 optimized=0
2026/05/21 19:04:04 INFO TV inventory cycle=1 tv=192.168.1.10 tracked=0 unknown=1
2026/05/21 19:04:04 INFO will remove unknown images cycle=1 tv=192.168.1.10 count=1
2026/05/21 19:04:04 INFO sync plan cycle=1 tv=192.168.1.10 to_upload=0 to_delete=0 unknown_to_delete=1
2026/05/21 19:04:04 INFO deleting unknown images cycle=1 tv=192.168.1.10 count=1
2026/05/21 19:04:04 INFO sync completed cycle=1 tv=192.168.1.10
2026/05/21 19:04:04 INFO
╔══════════════════════════════════════════════════╗
║  Sync Cycle #1 - 2026-05-21 19:04:04             ║
╠══════════════════════════════════════════════════╣
║  TV: 192.168.1.10 (Mock TV)                      ║
║    Status:     ✔ Art Mode                        ║
║    Uploaded:   0 new  │  Deleted: 0              ║
║    Total:      0 images on TV                    ║
╠══════════════════════════════════════════════════╣
║  Local:  0 files                                 ║
╠══════════════════════════════════════════════════╣
║  Took:   0s                                      ║
║  Next:   19:05:04                                ║
╚══════════════════════════════════════════════════╝
--- PASS: TestEngine_RunOnce_UnknownRemoval (0.00s)
=== RUN   TestEngine_RunLoop
2026/05/21 19:04:04 INFO starting sync loop tvs=1 interval_min=1 artwork_dir=/tmp/TestEngine_RunLoop1505064712/001
2026/05/21 19:04:04 INFO starting sync cycle cycle=1 tvs=1
2026/05/21 19:04:04 INFO local artwork ready cycle=1 total=0 optimized=0
2026/05/21 19:04:04 INFO TV inventory cycle=1 tv=192.168.1.10 tracked=0 unknown=1
2026/05/21 19:04:04 WARN unknown images on TV (set REMOVE_UNKNOWN_IMAGES=true to remove) cycle=1 tv=192.168.1.10 count=1
2026/05/21 19:04:04 INFO sync plan cycle=1 tv=192.168.1.10 to_upload=0 to_delete=0 unknown_to_delete=0
2026/05/21 19:04:04 INFO sync completed cycle=1 tv=192.168.1.10
2026/05/21 19:04:04 INFO
╔══════════════════════════════════════════════════╗
║  Sync Cycle #1 - 2026-05-21 19:04:04             ║
╠══════════════════════════════════════════════════╣
║  TV: 192.168.1.10 (Mock TV)                      ║
║    Status:     ✔ Art Mode                        ║
║    Uploaded:   0 new  │  Deleted: 0              ║
║    Total:      0 images on TV                    ║
╠══════════════════════════════════════════════════╣
║  Local:  0 files                                 ║
╠══════════════════════════════════════════════════╣
║  Took:   0s                                      ║
║  Next:   19:05:04                                ║
╚══════════════════════════════════════════════════╝
2026/05/21 19:04:04 INFO shutting down sync loop
--- PASS: TestEngine_RunLoop (0.10s)
=== RUN   TestEngine_DetermineBrightness
2026/05/21 19:04:04 INFO manual brightness value=5
2026/05/21 19:04:04 INFO solar brightness value=5
--- PASS: TestEngine_DetermineBrightness (0.00s)
=== RUN   TestEngine_OptimizationFlow
2026/05/21 19:04:04 WARN skipping bad or unsupported image file=missing.jpg error="open image: open /tmp/TestEngine_OptimizationFlow2933090636/001/artwork/missing.jpg: no such file or directory"
--- PASS: TestEngine_OptimizationFlow (0.00s)
=== RUN   TestEngine_EnsureCorrectFilename
2026/05/21 19:04:04 INFO updated optimized filename old=photo__abc.jpg new=photo_3840x2160_opt.h_abc.jpg
--- PASS: TestEngine_EnsureCorrectFilename (0.00s)
=== RUN   TestEngine_UpdateMappings
--- PASS: TestEngine_UpdateMappings (0.00s)
=== RUN   TestEngine_RunOnce_ScanError
2026/05/21 19:04:04 INFO starting sync cycle cycle=1 tvs=1
--- PASS: TestEngine_RunOnce_ScanError (0.00s)
=== RUN   TestEngine_DownloadSources_Error
2026/05/21 19:04:04 INFO processing image sources urls=1
2026/05/21 19:04:04 INFO downloading source image url=invalid:prefix:123 file=001__direct__direct-source.jpg
2026/05/21 19:04:04 WARN source sync failed line=invalid:prefix:123 error="HTTP GET: Get \"invalid:prefix:123\": unsupported protocol scheme \"invalid\""
--- PASS: TestEngine_DownloadSources_Error (0.00s)
=== RUN   TestEngine_Backoff
2026/05/21 19:04:04 WARN TV unreachable, backing off tv=1.1.1.1 consecutive_failures=1 next_retry=7:05PM backoff_duration=1m0s
2026/05/21 19:04:04 INFO starting sync cycle cycle=1 tvs=1
2026/05/21 19:04:04 INFO local artwork ready cycle=1 total=0 optimized=0
2026/05/21 19:04:04 INFO TV in backoff period, skipping tv=1.1.1.1 failures=1 retry_in=1m0s
2026/05/21 19:04:04 INFO
╔══════════════════════════════════════════════════╗
║  Sync Cycle #1 - 2026-05-21 19:04:04             ║
╠══════════════════════════════════════════════════╣
║  TV: 1.1.1.1                                     ║
║    Status:     ⏸ Backing off (unreachable)       ║
╠══════════════════════════════════════════════════╣
║  Local:  0 files                                 ║
╠══════════════════════════════════════════════════╣
║  Took:   0s                                      ║
║  Next:   19:04:04                                ║
╚══════════════════════════════════════════════════╝
--- PASS: TestEngine_Backoff (0.00s)
=== RUN   TestEngine_SyncTV_Success
2026/05/21 19:04:04 INFO starting sync cycle cycle=1 tvs=1
2026/05/21 19:04:04 INFO local artwork ready cycle=1 total=1 optimized=0
2026/05/21 19:04:04 INFO TV inventory cycle=1 tv=1.1.1.1 tracked=0 unknown=1
2026/05/21 19:04:04 WARN unknown images on TV (set REMOVE_UNKNOWN_IMAGES=true to remove) cycle=1 tv=1.1.1.1 count=1
2026/05/21 19:04:04 INFO sync plan cycle=1 tv=1.1.1.1 to_upload=1 to_delete=0 unknown_to_delete=0
2026/05/21 19:04:04 INFO uploading cycle=1 tv=1.1.1.1 file=test.jpg sanitized=test.jpg matte=""
2026/05/21 19:04:04 INFO uploaded cycle=1 tv=1.1.1.1 file=test.jpg content_id=new-id
2026/05/21 19:04:04 INFO selecting first image cycle=1 tv=1.1.1.1
2026/05/21 19:04:04 INFO sync completed cycle=1 tv=1.1.1.1
2026/05/21 19:04:04 INFO
╔══════════════════════════════════════════════════╗
║  Sync Cycle #1 - 2026-05-21 19:04:04             ║
╠══════════════════════════════════════════════════╣
║  TV: 1.1.1.1 (Mock TV)                           ║
║    Status:     ✔ Art Mode                        ║
║    Uploaded:   1 new  │  Deleted: 0              ║
║    Total:      1 images on TV                    ║
╠══════════════════════════════════════════════════╣
║  Local:  1 files                                 ║
╠══════════════════════════════════════════════════╣
║  Took:   1ms                                     ║
║  Next:   19:04:04                                ║
╚══════════════════════════════════════════════════╝
--- PASS: TestEngine_SyncTV_Success (0.00s)
=== RUN   TestLoadMatteConfig_NoFile
--- PASS: TestLoadMatteConfig_NoFile (0.00s)
=== RUN   TestLoadMatteConfig_WithOverrides
=== RUN   TestLoadMatteConfig_WithOverrides/per-file_override_wins
=== RUN   TestLoadMatteConfig_WithOverrides/second_override
=== RUN   TestLoadMatteConfig_WithOverrides/_default_used_when_no_file_match
--- PASS: TestLoadMatteConfig_WithOverrides (0.00s)
    --- PASS: TestLoadMatteConfig_WithOverrides/per-file_override_wins (0.00s)
    --- PASS: TestLoadMatteConfig_WithOverrides/second_override (0.00s)
    --- PASS: TestLoadMatteConfig_WithOverrides/_default_used_when_no_file_match (0.00s)
=== RUN   TestLoadMatteConfig_InvalidJSON
--- PASS: TestLoadMatteConfig_InvalidJSON (0.00s)
=== RUN   TestMappingRoundtrip
--- PASS: TestMappingRoundtrip (0.00s)
=== RUN   TestScanArtworkDir
--- PASS: TestScanArtworkDir (0.00s)
=== RUN   TestScanArtworkDir_Missing
--- PASS: TestScanArtworkDir_Missing (0.00s)
=== RUN   TestFileTypeFromExt
--- PASS: TestFileTypeFromExt (0.00s)
=== RUN   TestDiffSets
--- PASS: TestDiffSets (0.00s)
=== RUN   TestSetToSlice
--- PASS: TestSetToSlice (0.00s)
=== RUN   TestMapValues
--- PASS: TestMapValues (0.00s)
=== RUN   TestBoolCount
--- PASS: TestBoolCount (0.00s)
=== RUN   TestDetermineBrightness
2026/05/21 19:04:04 INFO manual brightness value=5
--- PASS: TestDetermineBrightness (0.00s)
=== RUN   TestMapping_Set
--- PASS: TestMapping_Set (0.00s)
=== RUN   TestMapping_Delete
--- PASS: TestMapping_Delete (0.00s)
=== RUN   TestMapping_GetContentID
--- PASS: TestMapping_GetContentID (0.00s)
=== RUN   TestMapping_GetFilename
--- PASS: TestMapping_GetFilename (0.00s)
=== RUN   TestMapping_AllContentIDs
--- PASS: TestMapping_AllContentIDs (0.00s)
=== RUN   TestMapping_TrackedFilenames
--- PASS: TestMapping_TrackedFilenames (0.00s)
=== RUN   TestMapping_DeleteBatch
--- PASS: TestMapping_DeleteBatch (0.00s)
=== RUN   TestMapping_Rename
--- PASS: TestMapping_Rename (0.00s)
=== RUN   TestMatteConfig_String
=== RUN   TestMatteConfig_String/empty
=== RUN   TestMatteConfig_String/only_default
=== RUN   TestMatteConfig_String/overrides_and_default
--- PASS: TestMatteConfig_String (0.00s)
    --- PASS: TestMatteConfig_String/empty (0.00s)
    --- PASS: TestMatteConfig_String/only_default (0.00s)
    --- PASS: TestMatteConfig_String/overrides_and_default (0.00s)
PASS
ok  	github.com/MikeO7/frame-tv-art-manager/internal/sync	(cached)
